C:\Program Files\Microsoft Visual Studio\2022\Community\MSBuild\Microsoft\VC\v170\Microsoft.CppBuild.targets(495,5): warning MSB8004: Intermediate Directory does not end with a trailing slash.  This build instance will add the slash as it is required to allow proper evaluation of the Intermediate Directory.
C:\Program Files\Microsoft Visual Studio\2022\Community\MSBuild\Microsoft\VC\v170\Microsoft.CppBuild.targets(496,5): warning MSB8004: Output Directory does not end with a trailing slash.  This build instance will add the slash as it is required to allow proper evaluation of the Output Directory.
  Scanning sources for module dependencies...
  OpenGlShape.ixx
  SharedModule.ixx
  Drawer.ixx
  Compiling...
  OpenGlShape.ixx
  SharedModule.ixx
  Drawer.ixx
  ImGuiFileDialog.cpp
  imgui.cpp
  imgui_demo.cpp
  imgui_draw.cpp
  imgui_impl_glfw.cpp
  imgui_impl_opengl3.cpp
  imgui_stdlib.cpp
  imgui_tables.cpp
  imgui_widgets.cpp
  Drawer.cpp
C:\Users\ASUS\OneDrive\Desktop\Lecture2\OpenGL.SharedModule\src\implementation\Drawer.cpp(7,1): warning C5201: a module declaration can appear only at the start of a translation unit unless a global module fragment is used
  OpenGlShape.cpp
C:\Users\ASUS\OneDrive\Desktop\Lecture2\OpenGL.SharedModule\src\implementation\OpenGlShape.cpp(11,1): warning C5201: a module declaration can appear only at the start of a translation unit unless a global module fragment is used
C:\Users\ASUS\OneDrive\Desktop\Lecture2\OpenGL.SharedModule\src\implementation\OpenGlShape.cpp(21,1): warning C4267: 'initializing': conversion from 'size_t' to 'unsigned int', possible loss of data
C:\Users\ASUS\OneDrive\Desktop\Lecture2\OpenGL.SharedModule\src\implementation\OpenGlShape.cpp(58,40): warning C4267: '=': conversion from 'size_t' to 'unsigned int', possible loss of data
  SharedModule.cpp
C:\Users\ASUS\OneDrive\Desktop\Lecture2\OpenGL.SharedModule\src\implementation\SharedModule.cpp(15,1): warning C5201: a module declaration can appear only at the start of a translation unit unless a global module fragment is used
  stb_image.cpp
  Generating Code...
  glad.c
  OpenGL.SharedModule.vcxproj -> C:\Users\ASUS\OneDrive\Desktop\Lecture2\OpenGL.SharedModule\x64\Debug\OpenGL.SharedModule.lib
